// Vitest Snapshot v1, https://vitest.dev/guide/snapshot.html

exports[`LastUpdate component > should render 1`] = `
<div>
  <span
    class="first:hidden"
  >
    |
  </span>
  <span
    class="flex items-center gap-2"
  >
    Last updated:
    <span
      class="text-foreground flex items-center gap-2 font-bold"
    >
      <span
        class="uppercase"
      >
        JAN 2025
      </span>
      <svg
        class="lucide lucide-refresh-cw size-4"
        fill="none"
        height="24"
        stroke="currentColor"
        stroke-linecap="round"
        stroke-linejoin="round"
        stroke-width="2"
        viewBox="0 0 24 24"
        width="24"
        xmlns="http://www.w3.org/2000/svg"
      >
        <path
          d="M3 12a9 9 0 0 1 9-9 9.75 9.75 0 0 1 6.74 2.74L21 8"
        />
        <path
          d="M21 3v5h-5"
        />
        <path
          d="M21 12a9 9 0 0 1-9 9 9.75 9.75 0 0 1-6.74-2.74L3 16"
        />
        <path
          d="M8 16H3v5"
        />
      </svg>
    </span>
  </span>
</div>
`;
